Archive member included because of file (symbol)

d:/gnu_arm/bin/../lib/gcc/arm-none-eabi/4.9.3/armv7e-m/fpu\libgcc.a(_arm_addsubdf3.o)
                              ./stm32f4_mylib/src/USART.o (__aeabi_dadd)
d:/gnu_arm/bin/../lib/gcc/arm-none-eabi/4.9.3/armv7e-m/fpu\libgcc.a(_arm_fixunsdfsi.o)
                              ./stm32f4_mylib/src/USART.o (__aeabi_d2uiz)
d:/gnu_arm/bin/../lib/gcc/arm-none-eabi/4.9.3/../../../../arm-none-eabi/lib/armv7e-m/fpu\libg_nano.a(lib_a-errno.o)
                              ./system/src/newlib/_sbrk.o (__errno)
d:/gnu_arm/bin/../lib/gcc/arm-none-eabi/4.9.3/../../../../arm-none-eabi/lib/armv7e-m/fpu\libg_nano.a(lib_a-impure.o)
                              d:/gnu_arm/bin/../lib/gcc/arm-none-eabi/4.9.3/../../../../arm-none-eabi/lib/armv7e-m/fpu\libg_nano.a(lib_a-errno.o) (_impure_ptr)
d:/gnu_arm/bin/../lib/gcc/arm-none-eabi/4.9.3/../../../../arm-none-eabi/lib/armv7e-m/fpu\libg_nano.a(lib_a-malloc.o)
                              ./stm32f4_mylib/src/USART.o (malloc)
d:/gnu_arm/bin/../lib/gcc/arm-none-eabi/4.9.3/../../../../arm-none-eabi/lib/armv7e-m/fpu\libg_nano.a(lib_a-memcpy.o)
                              ./stm32f4_mylib/src/USART.o (memcpy)
d:/gnu_arm/bin/../lib/gcc/arm-none-eabi/4.9.3/../../../../arm-none-eabi/lib/armv7e-m/fpu\libg_nano.a(lib_a-memset.o)
                              ./stm32f4_mylib/src/sd_card_reader.o (memset)
d:/gnu_arm/bin/../lib/gcc/arm-none-eabi/4.9.3/../../../../arm-none-eabi/lib/armv7e-m/fpu\libg_nano.a(lib_a-nano-freer.o)
                              d:/gnu_arm/bin/../lib/gcc/arm-none-eabi/4.9.3/../../../../arm-none-eabi/lib/armv7e-m/fpu\libg_nano.a(lib_a-malloc.o) (_free_r)
d:/gnu_arm/bin/../lib/gcc/arm-none-eabi/4.9.3/../../../../arm-none-eabi/lib/armv7e-m/fpu\libg_nano.a(lib_a-nano-mallocr.o)
                              d:/gnu_arm/bin/../lib/gcc/arm-none-eabi/4.9.3/../../../../arm-none-eabi/lib/armv7e-m/fpu\libg_nano.a(lib_a-malloc.o) (_malloc_r)
d:/gnu_arm/bin/../lib/gcc/arm-none-eabi/4.9.3/../../../../arm-none-eabi/lib/armv7e-m/fpu\libg_nano.a(lib_a-sbrkr.o)
                              d:/gnu_arm/bin/../lib/gcc/arm-none-eabi/4.9.3/../../../../arm-none-eabi/lib/armv7e-m/fpu\libg_nano.a(lib_a-nano-mallocr.o) (_sbrk_r)
d:/gnu_arm/bin/../lib/gcc/arm-none-eabi/4.9.3/../../../../arm-none-eabi/lib/armv7e-m/fpu\libg_nano.a(lib_a-strlen.o)
                              ./system/src/diag/Trace.o (strlen)
d:/gnu_arm/bin/../lib/gcc/arm-none-eabi/4.9.3/../../../../arm-none-eabi/lib/armv7e-m/fpu\libg_nano.a(lib_a-vsnprintf.o)
                              ./system/src/diag/Trace.o (vsnprintf)
d:/gnu_arm/bin/../lib/gcc/arm-none-eabi/4.9.3/../../../../arm-none-eabi/lib/armv7e-m/fpu\libg_nano.a(lib_a-nano-svfprintf.o)
                              d:/gnu_arm/bin/../lib/gcc/arm-none-eabi/4.9.3/../../../../arm-none-eabi/lib/armv7e-m/fpu\libg_nano.a(lib_a-vsnprintf.o) (_svfprintf_r)
d:/gnu_arm/bin/../lib/gcc/arm-none-eabi/4.9.3/../../../../arm-none-eabi/lib/armv7e-m/fpu\libg_nano.a(lib_a-nano-vfprintf_i.o)
                              d:/gnu_arm/bin/../lib/gcc/arm-none-eabi/4.9.3/../../../../arm-none-eabi/lib/armv7e-m/fpu\libg_nano.a(lib_a-nano-svfprintf.o) (_printf_i)
d:/gnu_arm/bin/../lib/gcc/arm-none-eabi/4.9.3/../../../../arm-none-eabi/lib/armv7e-m/fpu\libg_nano.a(lib_a-memchr.o)
                              d:/gnu_arm/bin/../lib/gcc/arm-none-eabi/4.9.3/../../../../arm-none-eabi/lib/armv7e-m/fpu\libg_nano.a(lib_a-nano-svfprintf.o) (memchr)
d:/gnu_arm/bin/../lib/gcc/arm-none-eabi/4.9.3/../../../../arm-none-eabi/lib/armv7e-m/fpu\libg_nano.a(lib_a-memmove.o)
                              d:/gnu_arm/bin/../lib/gcc/arm-none-eabi/4.9.3/../../../../arm-none-eabi/lib/armv7e-m/fpu\libg_nano.a(lib_a-nano-svfprintf.o) (memmove)
d:/gnu_arm/bin/../lib/gcc/arm-none-eabi/4.9.3/../../../../arm-none-eabi/lib/armv7e-m/fpu\libg_nano.a(lib_a-nano-reallocr.o)
                              d:/gnu_arm/bin/../lib/gcc/arm-none-eabi/4.9.3/../../../../arm-none-eabi/lib/armv7e-m/fpu\libg_nano.a(lib_a-nano-svfprintf.o) (_realloc_r)
d:/gnu_arm/bin/../lib/gcc/arm-none-eabi/4.9.3/../../../../arm-none-eabi/lib/armv7e-m/fpu\libg_nano.a(lib_a-nano-msizer.o)
                              d:/gnu_arm/bin/../lib/gcc/arm-none-eabi/4.9.3/../../../../arm-none-eabi/lib/armv7e-m/fpu\libg_nano.a(lib_a-nano-reallocr.o) (_malloc_usable_size_r)

Allocating common symbols
Common symbol       size              file

sd_current_file     0x21c             ./stm32f4_mylib/src/sd_card_reader.o
systick_delay_completed
                    0x1               ./stm32f4_mylib/src/SysTick.o
sd_files_list       0x208             ./stm32f4_mylib/src/sd_card_reader.o
sd_data_buffer_additional
                    0x200             ./stm32f4_mylib/src/sd_card_reader.o
errno               0x4               ./system/src/newlib/_syscalls.o
sd_current_file_information
                    0x18              ./stm32f4_mylib/src/sd_card_reader.o
[...]
Memory Configuration

Name             Origin             Length             Attributes
RAM              0x20000000         0x00020000         xrw
CCMRAM           0x10000000         0x00010000         xrw
FLASH            0x08000000         0x00100000         xr
FLASHB1          0x00000000         0x00000000         xr
EXTMEMB0         0x00000000         0x00000000         xr
EXTMEMB1         0x00000000         0x00000000         xr
EXTMEMB2         0x00000000         0x00000000         xr
EXTMEMB3         0x00000000         0x00000000         xr
MEMORY_ARRAY     0x20002000         0x00000020         xrw
*default*        0x00000000         0xffffffff

Linker script and memory map

LOAD ./system/src/stm32f4-hal/stm32f4xx_hal.o
LOAD ./system/src/stm32f4-hal/stm32f4xx_hal_cortex.o
LOAD ./system/src/stm32f4-hal/stm32f4xx_hal_flash.o
LOAD ./system/src/stm32f4-hal/stm32f4xx_hal_gpio.o
LOAD ./system/src/stm32f4-hal/stm32f4xx_hal_iwdg.o
LOAD ./system/src/stm32f4-hal/stm32f4xx_hal_pwr.o
LOAD ./system/src/stm32f4-hal/stm32f4xx_hal_rcc.o
LOAD ./system/src/newlib/_cxx.o
LOAD ./system/src/newlib/_exit.o
LOAD ./system/src/newlib/_sbrk.o
LOAD ./system/src/newlib/_startup.o
LOAD ./system/src/newlib/_syscalls.o
LOAD ./system/src/newlib/assert.o
LOAD ./system/src/diag/Trace.o
LOAD ./system/src/diag/trace_impl.o
LOAD ./system/src/cortexm/_initialize_hardware.o
LOAD ./system/src/cortexm/_reset_hardware.o
LOAD ./system/src/cortexm/exception_handlers.o
LOAD ./system/src/cmsis/system_stm32f4xx.o
LOAD ./system/src/cmsis/vectors_stm32f405xx.o
LOAD ./stm32f4_mylib/src/EXTI.o
LOAD ./stm32f4_mylib/src/GPIO.o
LOAD ./stm32f4_mylib/src/HD44780.o
LOAD ./stm32f4_mylib/src/I2C.o
LOAD ./stm32f4_mylib/src/NEC_remote_controller.o
LOAD ./stm32f4_mylib/src/RCC.o
LOAD ./stm32f4_mylib/src/SysTick.o
LOAD ./stm32f4_mylib/src/TIM.o
LOAD ./stm32f4_mylib/src/USART.o
LOAD ./stm32f4_mylib/src/dac.o
LOAD ./stm32f4_mylib/src/error_types.o
LOAD ./stm32f4_mylib/src/fifo.o
LOAD ./stm32f4_mylib/src/misc.o
LOAD ./stm32f4_mylib/src/sd_card_reader.o
LOAD ./stm32f4_mylib/src/spi.o
LOAD ./src/_initialize_hardware.o
LOAD ./src/_write.o
LOAD ./src/irq_handlers.o
LOAD ./src/main.o
LOAD ./src/stm32f4xx_hal_msp.o
LOAD d:/gnu_arm/bin/../lib/gcc/arm-none-eabi/4.9.3/../../../../arm-none-eabi/lib/armv7e-m/fpu\libstdc++_nano.a
LOAD d:/gnu_arm/bin/../lib/gcc/arm-none-eabi/4.9.3/../../../../arm-none-eabi/lib/armv7e-m/fpu\libm.a
START GROUP
LOAD d:/gnu_arm/bin/../lib/gcc/arm-none-eabi/4.9.3/armv7e-m/fpu\libgcc.a
LOAD d:/gnu_arm/bin/../lib/gcc/arm-none-eabi/4.9.3/../../../../arm-none-eabi/lib/armv7e-m/fpu\libg_nano.a
LOAD d:/gnu_arm/bin/../lib/gcc/arm-none-eabi/4.9.3/../../../../arm-none-eabi/lib/armv7e-m/fpu\libc_nano.a
END GROUP
START GROUP
LOAD d:/gnu_arm/bin/../lib/gcc/arm-none-eabi/4.9.3/armv7e-m/fpu\libgcc.a
LOAD d:/gnu_arm/bin/../lib/gcc/arm-none-eabi/4.9.3/../../../../arm-none-eabi/lib/armv7e-m/fpu\libc_nano.a
END GROUP
                0x20020000                __stack = (ORIGIN (RAM) + 0x20000)
                0x20020000                _estack = __stack
                0x00000400                __Main_Stack_Size = 0x400
                0x00000400                PROVIDE (_Main_Stack_Size, __Main_Stack_Size)
                0x2001fc00                __Main_Stack_Limit = (__stack - __Main_Stack_Size)
                0x2001fc00                PROVIDE (_Main_Stack_Limit, __Main_Stack_Limit)
                0x00000100                _Minimum_Stack_Size = 0x100
                0x200001d8                PROVIDE (_Heap_Begin, _end_noinit)
                0x2001fc00                PROVIDE (_Heap_Limit, (__stack - __Main_Stack_Size))

.isr_vector     0x08000000      0x3c0
 FILL mask 0xff
                0x08000000                __vectors_start = ABSOLUTE (.)
                0x08000000                __vectors_start__ = ABSOLUTE (.)
 *(.isr_vector)
 .isr_vector    0x08000000      0x188 ./system/src/cmsis/vectors_stm32f405xx.o
                0x08000000                __isr_vectors
 *(.cfmconfig)
 *(.after_vectors .after_vectors.*)
 .after_vectors
                0x08000188      0x130 ./system/src/newlib/_startup.o
                0x08000188                _start
 .after_vectors
                0x080002b8      0x104 ./system/src/cortexm/exception_handlers.o
                0x080002b8                Reset_Handler
                0x080002c0                NMI_Handler
                0x080002c4                HardFault_Handler
                0x080002d8                HardFault_Handler_C
                0x0800030c                MemManage_Handler
                0x08000310                BusFault_Handler
                0x08000324                BusFault_Handler_C
                0x08000358                UsageFault_Handler
                0x0800036c                UsageFault_Handler_C
                0x080003a0                SVC_Handler
                0x080003a4                DebugMon_Handler
                0x080003a8                PendSV_Handler
 .after_vectors
                0x080003bc        0x4 ./system/src/cmsis/vectors_stm32f405xx.o
                0x080003bc                RTC_Alarm_IRQHandler
                0x080003bc                HASH_RNG_IRQHandler
                0x080003bc                EXTI2_IRQHandler
                0x080003bc                TIM8_CC_IRQHandler
                0x080003bc                TIM1_CC_IRQHandler
                0x080003bc                DMA2_Stream5_IRQHandler
                0x080003bc                DMA1_Stream5_IRQHandler
                0x080003bc                PVD_IRQHandler
                0x080003bc                SDIO_IRQHandler
                0x080003bc                TAMP_STAMP_IRQHandler
                0x080003bc                CAN2_RX1_IRQHandler
                0x080003bc                EXTI3_IRQHandler
                0x080003bc                TIM8_TRG_COM_TIM14_IRQHandler
                0x080003bc                TIM1_UP_TIM10_IRQHandler
                0x080003bc                TIM8_UP_TIM13_IRQHandler
                0x080003bc                I2C3_ER_IRQHandler
                0x080003bc                EXTI0_IRQHandler
                0x080003bc                I2C2_EV_IRQHandler
                0x080003bc                DMA1_Stream2_IRQHandler
                0x080003bc                CAN1_RX0_IRQHandler
                0x080003bc                FPU_IRQHandler
                0x080003bc                OTG_HS_WKUP_IRQHandler
                0x080003bc                CAN2_SCE_IRQHandler
                0x080003bc                DMA2_Stream2_IRQHandler
                0x080003bc                SPI1_IRQHandler
                0x080003bc                TIM6_DAC_IRQHandler
                0x080003bc                TIM1_BRK_TIM9_IRQHandler
                0x080003bc                CAN2_RX0_IRQHandler
                0x080003bc                DMA2_Stream3_IRQHandler
                0x080003bc                USART6_IRQHandler
                0x080003bc                USART3_IRQHandler
                0x080003bc                CAN1_RX1_IRQHandler
                0x080003bc                UART5_IRQHandler
                0x080003bc                DMA2_Stream0_IRQHandler
                0x080003bc                TIM4_IRQHandler
                0x080003bc                I2C1_EV_IRQHandler
                0x080003bc                DMA1_Stream6_IRQHandler
                0x080003bc                DMA1_Stream1_IRQHandler
                0x080003bc                UART4_IRQHandler
                0x080003bc                TIM3_IRQHandler
                0x080003bc                RCC_IRQHandler
                0x080003bc                TIM8_BRK_TIM12_IRQHandler
                0x080003bc                Default_Handler
                0x080003bc                EXTI15_10_IRQHandler
                0x080003bc                ADC_IRQHandler
                0x080003bc                DMA1_Stream7_IRQHandler
                0x080003bc                TIM7_IRQHandler
                0x080003bc                CAN2_TX_IRQHandler
                0x080003bc                TIM5_IRQHandler
                0x080003bc                DMA2_Stream7_IRQHandler
                0x080003bc                I2C3_EV_IRQHandler
                0x080003bc                EXTI9_5_IRQHandler
                0x080003bc                RTC_WKUP_IRQHandler
                0x080003bc                OTG_HS_EP1_IN_IRQHandler
                0x080003bc                DMA1_Stream0_IRQHandler
                0x080003bc                CAN1_TX_IRQHandler
                0x080003bc                EXTI4_IRQHandler
                0x080003bc                OTG_HS_EP1_OUT_IRQHandler
                0x080003bc                WWDG_IRQHandler
                0x080003bc                TIM2_IRQHandler
                0x080003bc                OTG_FS_WKUP_IRQHandler
                0x080003bc                TIM1_TRG_COM_TIM11_IRQHandler
                0x080003bc                OTG_HS_IRQHandler
                0x080003bc                EXTI1_IRQHandler
                0x080003bc                I2C2_ER_IRQHandler
                0x080003bc                DMA2_Stream1_IRQHandler
                0x080003bc                CAN1_SCE_IRQHandler
                0x080003bc                FLASH_IRQHandler
                0x080003bc                DMA2_Stream4_IRQHandler
                0x080003bc                USART1_IRQHandler
                0x080003bc                OTG_FS_IRQHandler
                0x080003bc                SPI3_IRQHandler
                0x080003bc                DMA1_Stream4_IRQHandler
                0x080003bc                I2C1_ER_IRQHandler
                0x080003bc                FMC_IRQHandler
                0x080003bc                DMA2_Stream6_IRQHandler
                0x080003bc                DMA1_Stream3_IRQHandler

.inits          0x080003c0       0x28
                0x080003c0                __data_regions_array_start = .
                0x080003c0        0x4 LONG 0x8002538 LOADADDR (.data)
                0x080003c4        0x4 LONG 0x20000000 ADDR (.data)
                0x080003c8        0x4 LONG 0x20000078 (ADDR (.data) + SIZEOF (.data))
                0x080003cc        0x4 LONG 0x8002538 LOADADDR (.data_CCMRAM)
                0x080003d0        0x4 LONG 0x10000000 ADDR (.data_CCMRAM)
                0x080003d4        0x4 LONG 0x10000000 (ADDR (.data_CCMRAM) + SIZEOF (.data_CCMRAM))
                0x080003d8                __data_regions_array_end = .
                0x080003d8                __bss_regions_array_start = .
                0x080003d8        0x4 LONG 0x20000078 ADDR (.bss)
                0x080003dc        0x4 LONG 0x200001d8 (ADDR (.bss) + SIZEOF (.bss))
                0x080003e0        0x4 LONG 0x10000000 ADDR (.bss_CCMRAM)
                0x080003e4        0x4 LONG 0x10000000 (ADDR (.bss_CCMRAM) + SIZEOF (.bss_CCMRAM))
                0x080003e8                __bss_regions_array_end = .
 *(.init)
 *(.fini)
                0x080003e8                . = ALIGN (0x4)
                0x080003e8                PROVIDE (__preinit_array_start, .)
 *(.preinit_array_sysinit .preinit_array_sysinit.*)
 *(.preinit_array_platform .preinit_array_platform.*)
 *(.preinit_array .preinit_array.*)
                0x080003e8                PROVIDE (__preinit_array_end, .)
                0x080003e8                . = ALIGN (0x4)
                0x080003e8                PROVIDE (__init_array_start, .)
 *(SORT(.init_array.*))
 *(.init_array)
                0x080003e8                PROVIDE (__init_array_end, .)
                0x080003e8                . = ALIGN (0x4)
                0x080003e8                PROVIDE (__fini_array_start, .)
 *(SORT(.fini_array.*))
 *(.fini_array)
                0x080003e8                PROVIDE (__fini_array_end, .)

.flashtext
 *(.flashtext .flashtext.*)

.text           0x080003e8     0x214d
 *(.text .text.*)
 .text.HAL_InitTick
                0x080003e8       0x28 ./system/src/stm32f4-hal/stm32f4xx_hal.o
                0x080003e8                HAL_InitTick
 .text.HAL_Init
                0x08000410       0x34 ./system/src/stm32f4-hal/stm32f4xx_hal.o
                0x08000410                HAL_Init
 .text.HAL_GetTick
                0x08000444        0xc ./system/src/stm32f4-hal/stm32f4xx_hal.o
                0x08000444                HAL_GetTick
 .text.HAL_NVIC_SetPriorityGrouping
                0x08000450       0x3c ./system/src/stm32f4-hal/stm32f4xx_hal_cortex.o
                0x08000450                HAL_NVIC_SetPriorityGrouping
 .text.HAL_NVIC_SetPriority
                0x0800048c       0x84 ./system/src/stm32f4-hal/stm32f4xx_hal_cortex.o
                0x0800048c                HAL_NVIC_SetPriority
 .text.HAL_SYSTICK_Config
                0x08000510       0x2c ./system/src/stm32f4-hal/stm32f4xx_hal_cortex.o
                0x08000510                HAL_SYSTICK_Config
 .text.HAL_SYSTICK_CLKSourceConfig
                0x0800053c       0x38 ./system/src/stm32f4-hal/stm32f4xx_hal_cortex.o
                0x0800053c                HAL_SYSTICK_CLKSourceConfig
 .text.HAL_RCC_OscConfig
                0x08000574      0x448 ./system/src/stm32f4-hal/stm32f4xx_hal_rcc.o
                0x08000574                HAL_RCC_OscConfig
 .text.HAL_RCC_ClockConfig
                0x080009bc      0x22c ./system/src/stm32f4-hal/stm32f4xx_hal_rcc.o
                0x080009bc                HAL_RCC_ClockConfig
 .text.HAL_RCC_GetSysClockFreq
                0x08000be8       0x94 ./system/src/stm32f4-hal/stm32f4xx_hal_rcc.o
                0x08000be8                HAL_RCC_GetSysClockFreq
 .text.HAL_RCC_GetHCLKFreq
                0x08000c7c       0x34 ./system/src/stm32f4-hal/stm32f4xx_hal_rcc.o
                0x08000c7c                HAL_RCC_GetHCLKFreq
 .text._exit    0x08000cb0        0x4 ./system/src/newlib/_exit.o
                0x08000cb0                _exit
 .text.abort    0x08000cb4       0x14 ./system/src/newlib/_exit.o
                0x08000cb4                abort
 .text._sbrk    0x08000cc8       0x44 ./system/src/newlib/_sbrk.o
                0x08000cc8                _sbrk
 .text.__initialize_args
                0x08000d0c       0x10 ./system/src/newlib/_syscalls.o
                0x08000d0c                __initialize_args
 .text.assert_failed
                0x08000d1c       0x18 ./system/src/newlib/assert.o
                0x08000d1c                assert_failed
 .text.trace_printf
                0x08000d34       0x34 ./system/src/diag/Trace.o
                0x08000d34                trace_printf
 .text.trace_puts
                0x08000d68       0x20 ./system/src/diag/Trace.o
                0x08000d68                trace_puts
 .text._trace_write_itm
                0x08000d88       0x48 ./system/src/diag/trace_impl.o
 .text.trace_write
                0x08000dd0        0x8 ./system/src/diag/trace_impl.o
                0x08000dd0                trace_write
 .text.__initialize_hardware_early
                0x08000dd8       0x24 ./system/src/cortexm/_initialize_hardware.o
                0x08000dd8                __initialize_hardware_early
 .text.dumpExceptionStack
                0x08000dfc       0xf0 ./system/src/cortexm/exception_handlers.o
                0x08000dfc                dumpExceptionStack
 .text.SystemInit
                0x08000eec       0x4c ./system/src/cmsis/system_stm32f4xx.o
                0x08000eec                SystemInit
 .text.SystemCoreClockUpdate
                0x08000f38       0xa0 ./system/src/cmsis/system_stm32f4xx.o
                0x08000f38                SystemCoreClockUpdate
 .text.Convert_Pin32_t_To_Pin16_t
                0x08000fd8       0x28 ./stm32f4_mylib/src/GPIO.o
 .text.GPIO_AlternateFunctionPrepare
                0x08001000       0xa4 ./stm32f4_mylib/src/GPIO.o
                0x08001000                GPIO_AlternateFunctionPrepare
 .text.GPIO_AlternateFunctionSet
                0x080010a4       0x64 ./stm32f4_mylib/src/GPIO.o
                0x080010a4                GPIO_AlternateFunctionSet
 .text.ResetRCC
                0x08001108       0x58 ./stm32f4_mylib/src/RCC.o
 .text.RCC_SetClockFrequency
                0x08001160       0xb0 ./stm32f4_mylib/src/RCC.o
                0x08001160                RCC_SetClockFrequency
 .text.SysTick_Handler
                0x08001210       0x1c ./stm32f4_mylib/src/SysTick.o
                0x08001210                SysTick_Handler
 .text.UART_DeInit
                0x0800122c        0xc ./stm32f4_mylib/src/USART.o
                0x0800122c                UART_DeInit
 .text.UART_Config
                0x08001238       0xe0 ./stm32f4_mylib/src/USART.o
                0x08001238                UART_Config
 .text.Uart_Disable_Tx
                0x08001318        0xc ./stm32f4_mylib/src/USART.o
                0x08001318                Uart_Disable_Tx
 .text.Uart_Enable_Rx
                0x08001324        0xc ./stm32f4_mylib/src/USART.o
                0x08001324                Uart_Enable_Rx
 .text.Uart_Enable_Rx_IRQ
                0x08001330        0xc ./stm32f4_mylib/src/USART.o
                0x08001330                Uart_Enable_Rx_IRQ
 .text.Uart_Disable_Tx_IRQ
                0x0800133c        0xc ./stm32f4_mylib/src/USART.o
                0x0800133c                Uart_Disable_Tx_IRQ
 .text.Fifo_Init
                0x08001348       0x10 ./stm32f4_mylib/src/fifo.o
                0x08001348                Fifo_Init
 .text.Fifo_Put
                0x08001358       0x24 ./stm32f4_mylib/src/fifo.o
                0x08001358                Fifo_Put
 .text.SPI_Wait_Until_Busy
                0x0800137c        0xc ./stm32f4_mylib/src/spi.o
                0x0800137c                SPI_Wait_Until_Busy
 .text.SPI2_IRQHandler
                0x08001388       0xcc ./stm32f4_mylib/src/spi.o
                0x08001388                SPI2_IRQHandler
 .text.SystemClock_Config
                0x08001454       0x9c ./src/_initialize_hardware.o
                0x08001454                SystemClock_Config
 .text.__initialize_hardware
                0x080014f0       0x10 ./src/_initialize_hardware.o
                0x080014f0                __initialize_hardware
 .text.USART2_IRQHandler
                0x08001500       0xac ./src/irq_handlers.o
                0x08001500                USART2_IRQHandler
 .text.Uart_2_Init
                0x080015ac       0x38 ./src/main.o
 .text.main     0x080015e4       0x6c ./src/main.o
                0x080015e4                main
 .text.HAL_MspInit
                0x08001650        0x4 ./src/stm32f4xx_hal_msp.o
                0x08001650                HAL_MspInit
 .text          0x08001654      0x370 d:/gnu_arm/bin/../lib/gcc/arm-none-eabi/4.9.3/armv7e-m/fpu\libgcc.a(_arm_addsubdf3.o)
                0x08001654                __aeabi_drsub
                0x0800165c                __aeabi_dsub
                0x0800165c                __subdf3
                0x08001660                __aeabi_dadd
                0x08001660                __adddf3
                0x080018d8                __floatunsidf
                0x080018d8                __aeabi_ui2d
                0x080018f8                __floatsidf
                0x080018f8                __aeabi_i2d
                0x0800191c                __aeabi_f2d
                0x0800191c                __extendsfdf2
                0x08001958                __floatundidf
                0x08001958                __aeabi_ul2d
                0x08001968                __floatdidf
                0x08001968                __aeabi_l2d
 .text          0x080019c4       0x40 d:/gnu_arm/bin/../lib/gcc/arm-none-eabi/4.9.3/armv7e-m/fpu\libgcc.a(_arm_fixunsdfsi.o)
                0x080019c4                __aeabi_d2uiz
                0x080019c4                __fixunsdfsi
 .text.__errno  0x08001a04        0xc d:/gnu_arm/bin/../lib/gcc/arm-none-eabi/4.9.3/../../../../arm-none-eabi/lib/armv7e-m/fpu\libg_nano.a(lib_a-errno.o)
                0x08001a04                __errno
 .text.free     0x08001a10       0x10 d:/gnu_arm/bin/../lib/gcc/arm-none-eabi/4.9.3/../../../../arm-none-eabi/lib/armv7e-m/fpu\libg_nano.a(lib_a-malloc.o)
                0x08001a10                free
 .text.memcpy   0x08001a20       0x16 d:/gnu_arm/bin/../lib/gcc/arm-none-eabi/4.9.3/../../../../arm-none-eabi/lib/armv7e-m/fpu\libg_nano.a(lib_a-memcpy.o)
                0x08001a20                memcpy
 *fill*         0x08001a36        0x2 
 .text._free_r  0x08001a38       0x88 d:/gnu_arm/bin/../lib/gcc/arm-none-eabi/4.9.3/../../../../arm-none-eabi/lib/armv7e-m/fpu\libg_nano.a(lib_a-nano-freer.o)
                0x08001a38                _free_r
 .text._malloc_r
                0x08001ac0       0xac d:/gnu_arm/bin/../lib/gcc/arm-none-eabi/4.9.3/../../../../arm-none-eabi/lib/armv7e-m/fpu\libg_nano.a(lib_a-nano-mallocr.o)
                0x08001ac0                _malloc_r
 .text._sbrk_r  0x08001b6c       0x20 d:/gnu_arm/bin/../lib/gcc/arm-none-eabi/4.9.3/../../../../arm-none-eabi/lib/armv7e-m/fpu\libg_nano.a(lib_a-sbrkr.o)
                0x08001b6c                _sbrk_r
 .text.strlen   0x08001b8c       0x10 d:/gnu_arm/bin/../lib/gcc/arm-none-eabi/4.9.3/../../../../arm-none-eabi/lib/armv7e-m/fpu\libg_nano.a(lib_a-strlen.o)
                0x08001b8c                strlen
 .text._vsnprintf_r
                0x08001b9c       0x52 d:/gnu_arm/bin/../lib/gcc/arm-none-eabi/4.9.3/../../../../arm-none-eabi/lib/armv7e-m/fpu\libg_nano.a(lib_a-vsnprintf.o)
                0x08001b9c                _vsniprintf_r
                0x08001b9c                _vsnprintf_r
 *fill*         0x08001bee        0x2 
 .text.vsnprintf
                0x08001bf0       0x20 d:/gnu_arm/bin/../lib/gcc/arm-none-eabi/4.9.3/../../../../arm-none-eabi/lib/armv7e-m/fpu\libg_nano.a(lib_a-vsnprintf.o)
                0x08001bf0                vsniprintf
                0x08001bf0                vsnprintf
 .text.__ssputs_r
                0x08001c10       0xb2 d:/gnu_arm/bin/../lib/gcc/arm-none-eabi/4.9.3/../../../../arm-none-eabi/lib/armv7e-m/fpu\libg_nano.a(lib_a-nano-svfprintf.o)
                0x08001c10                __ssputs_r
 *fill*         0x08001cc2        0x2 
 .text._svfprintf_r
                0x08001cc4      0x1e4 d:/gnu_arm/bin/../lib/gcc/arm-none-eabi/4.9.3/../../../../arm-none-eabi/lib/armv7e-m/fpu\libg_nano.a(lib_a-nano-svfprintf.o)
                0x08001cc4                _svfiprintf_r
                0x08001cc4                _svfprintf_r
 .text._printf_common
                0x08001ea8       0xea d:/gnu_arm/bin/../lib/gcc/arm-none-eabi/4.9.3/../../../../arm-none-eabi/lib/armv7e-m/fpu\libg_nano.a(lib_a-nano-vfprintf_i.o)
                0x08001ea8                _printf_common
 *fill*         0x08001f92        0x2 
 .text._printf_i
                0x08001f94      0x240 d:/gnu_arm/bin/../lib/gcc/arm-none-eabi/4.9.3/../../../../arm-none-eabi/lib/armv7e-m/fpu\libg_nano.a(lib_a-nano-vfprintf_i.o)
                0x08001f94                _printf_i
 .text.memchr   0x080021d4       0x1e d:/gnu_arm/bin/../lib/gcc/arm-none-eabi/4.9.3/../../../../arm-none-eabi/lib/armv7e-m/fpu\libg_nano.a(lib_a-memchr.o)
                0x080021d4                memchr
 .text.memmove  0x080021f2       0x36 d:/gnu_arm/bin/../lib/gcc/arm-none-eabi/4.9.3/../../../../arm-none-eabi/lib/armv7e-m/fpu\libg_nano.a(lib_a-memmove.o)
                0x080021f2                memmove
 .text._realloc_r
                0x08002228       0x4c d:/gnu_arm/bin/../lib/gcc/arm-none-eabi/4.9.3/../../../../arm-none-eabi/lib/armv7e-m/fpu\libg_nano.a(lib_a-nano-reallocr.o)
                0x08002228                _realloc_r
 .text._malloc_usable_size_r
                0x08002274       0x14 d:/gnu_arm/bin/../lib/gcc/arm-none-eabi/4.9.3/../../../../arm-none-eabi/lib/armv7e-m/fpu\libg_nano.a(lib_a-nano-msizer.o)
                0x08002274                _malloc_usable_size_r
 *(.rodata .rodata.* .constdata .constdata.*)
 .rodata.str1.4
                0x08002288       0x31 ./system/src/stm32f4-hal/stm32f4xx_hal_cortex.o
 *fill*         0x080022b9        0x3 
 .rodata.APBAHBPrescTable
                0x080022bc       0x10 ./system/src/stm32f4-hal/stm32f4xx_hal_rcc.o
                0x080022bc                APBAHBPrescTable
 .rodata.str1.4
                0x080022cc       0x2e ./system/src/stm32f4-hal/stm32f4xx_hal_rcc.o
 *fill*         0x080022fa        0x2 
 .rodata.str1.4
                0x080022fc       0x14 ./system/src/newlib/_exit.o
 .rodata.str1.4
                0x08002310       0x6b ./system/src/newlib/assert.o
                                 0x6f (size before relaxing)
 *fill*         0x0800237b        0x1 
 .rodata.str1.4
                0x0800237c       0x29 ./system/src/diag/Trace.o
                                 0x2d (size before relaxing)
 *fill*         0x080023a5        0x3 
 .rodata.str1.4
                0x080023a8      0x148 ./system/src/cortexm/exception_handlers.o
                                0x146 (size before relaxing)
 .rodata.AHBPrescTable
                0x080024f0       0x10 ./system/src/cmsis/system_stm32f4xx.o
                0x080024f0                AHBPrescTable
 .rodata.str1.1
                0x08002500        0x2 d:/gnu_arm/bin/../lib/gcc/arm-none-eabi/4.9.3/../../../../arm-none-eabi/lib/armv7e-m/fpu\libg_nano.a(lib_a-impure.o)
 .rodata.str1.1
                0x08002502       0x11 d:/gnu_arm/bin/../lib/gcc/arm-none-eabi/4.9.3/../../../../arm-none-eabi/lib/armv7e-m/fpu\libg_nano.a(lib_a-nano-svfprintf.o)
 .rodata.str1.1
                0x08002513       0x22 d:/gnu_arm/bin/../lib/gcc/arm-none-eabi/4.9.3/../../../../arm-none-eabi/lib/armv7e-m/fpu\libg_nano.a(lib_a-nano-vfprintf_i.o)
 *(vtable)
 *(.eh_frame*)
 *(.glue_7)
 .glue_7        0x00000000        0x0 linker stubs
 *(.glue_7t)
 .glue_7t       0x00000000        0x0 linker stubs

.vfp11_veneer   0x08002538        0x0
 .vfp11_veneer  0x00000000        0x0 linker stubs

.v4_bx          0x08002538        0x0
 .v4_bx         0x00000000        0x0 linker stubs

.iplt           0x08002538        0x0
 .iplt          0x00000000        0x0 ./system/src/stm32f4-hal/stm32f4xx_hal.o

.rel.dyn        0x08002538        0x0
 .rel.iplt      0x00000000        0x0 ./system/src/stm32f4-hal/stm32f4xx_hal.o

.ARM.extab
 *(.ARM.extab* .gnu.linkonce.armextab.*)
                0x08002538                . = ALIGN (0x4)
                0x08002538                __exidx_start = .

.ARM.exidx
 *(.ARM.exidx* .gnu.linkonce.armexidx.*)
                0x08002538                __exidx_end = .
                0x08002538                . = ALIGN (0x4)
                0x08002538                _etext = .
                0x08002538                __etext = .

.data_CCMRAM    0x10000000        0x0 load address 0x08002538
 FILL mask 0xff
 *(.data.CCMRAM .data.CCMRAM.*)
                0x10000000                . = ALIGN (0x4)
                0x08002538                _sidata = LOADADDR (.data)

.data           0x20000000       0x78 load address 0x08002538
 FILL mask 0xff
                0x20000000                _sdata = .
                0x20000000                __data_start__ = .
 *(.data_begin .data_begin.*)
 .data_begin    0x20000000        0x4 ./system/src/newlib/_startup.o
 *(.data .data.*)
 .data.argv.4158
                0x20000004        0x8 ./system/src/newlib/_syscalls.o
 .data.SystemCoreClock
                0x2000000c        0x4 ./system/src/cmsis/system_stm32f4xx.o
                0x2000000c                SystemCoreClock
 .data.impure_data
                0x20000010       0x60 d:/gnu_arm/bin/../lib/gcc/arm-none-eabi/4.9.3/../../../../arm-none-eabi/lib/armv7e-m/fpu\libg_nano.a(lib_a-impure.o)
 .data._impure_ptr
                0x20000070        0x4 d:/gnu_arm/bin/../lib/gcc/arm-none-eabi/4.9.3/../../../../arm-none-eabi/lib/armv7e-m/fpu\libg_nano.a(lib_a-impure.o)
                0x20000070                _impure_ptr
 *(.data_end .data_end.*)
 .data_end      0x20000074        0x4 ./system/src/newlib/_startup.o
                0x20000078                . = ALIGN (0x4)
                0x20000078                _edata = .
                0x20000078                __data_end__ = .

.igot.plt       0x20000078        0x0 load address 0x080025b0
 .igot.plt      0x00000000        0x0 ./system/src/stm32f4-hal/stm32f4xx_hal.o

.bss_CCMRAM     0x10000000        0x0
 *(.bss.CCMRAM .bss.CCMRAM.*)

.bss            0x20000078      0x160
                0x20000078                __bss_start__ = .
                0x20000078                _sbss = .
 *(.bss_begin .bss_begin.*)
 .bss_begin     0x20000078        0x4 ./system/src/newlib/_startup.o
 *(.bss .bss.*)
 .bss.current_heap_end.3862
                0x2000007c        0x4 ./system/src/newlib/_sbrk.o
 .bss.name.4157
                0x20000080        0x1 ./system/src/newlib/_syscalls.o
 *fill*         0x20000081        0x3 
 .bss.buf.4998  0x20000084       0x80 ./system/src/diag/Trace.o
 .bss.uart2_transmission_in_progress
                0x20000104        0x1 ./stm32f4_mylib/src/USART.o
                0x20000104                uart2_transmission_in_progress
 *fill*         0x20000105        0x1 
 .bss.rx_byte_counter
                0x20000106        0x2 ./stm32f4_mylib/src/spi.o
 .bss.tx_byte_counter
                0x20000108        0x2 ./stm32f4_mylib/src/spi.o
 *fill*         0x2000010a        0x2 
 .bss.__malloc_sbrk_start
                0x2000010c        0x4 d:/gnu_arm/bin/../lib/gcc/arm-none-eabi/4.9.3/../../../../arm-none-eabi/lib/armv7e-m/fpu\libg_nano.a(lib_a-nano-mallocr.o)
                0x2000010c                __malloc_sbrk_start
 .bss.__malloc_free_list
                0x20000110        0x4 d:/gnu_arm/bin/../lib/gcc/arm-none-eabi/4.9.3/../../../../arm-none-eabi/lib/armv7e-m/fpu\libg_nano.a(lib_a-nano-mallocr.o)
                0x20000110                __malloc_free_list
 *(COMMON)
 COMMON         0x20000114        0x4 ./system/src/stm32f4-hal/stm32f4xx_hal.o
                0x20000114                uwTick
 COMMON         0x20000118        0x4 ./system/src/newlib/_syscalls.o
                0x20000118                errno
 COMMON         0x2000011c        0x8 ./stm32f4_mylib/src/SysTick.o
                0x2000011c                systick_delay_completed
                0x20000120                systick_delay
 COMMON         0x20000124       0x98 ./stm32f4_mylib/src/USART.o
                0x20000124                uart2_rx_fifo
                0x20000130                uart2_rx_buf
                0x200001b0                uart2_tx_data_size
                0x200001b4                uart2_tx_buf
                0x200001b8                uart2_tx_dyn_alloc_buf
                0x200001ba                uart2_tx_byte_counter
 COMMON         0x200001bc       0x15 ./stm32f4_mylib/src/spi.o
                0x200001bc                spi_rx_buffer
                0x200001c4                spi_clock_still_used
                0x200001c8                spi_tx_buffer
                0x200001d0                spi_transmission_in_progress
 *(.bss_end .bss_end.*)
 *fill*         0x200001d1        0x3 
 .bss_end       0x200001d4        0x4 ./system/src/newlib/_startup.o
                0x200001d8                . = ALIGN (0x4)
                0x200001d8                __bss_end__ = .
                0x200001d8                _ebss = .

.noinit_CCMRAM
 *(.noinit.CCMRAM .noinit.CCMRAM.*)

.noinit         0x200001d8        0x0
                0x200001d8                _noinit = .
 *(.noinit .noinit.*)
                0x200001d8                . = ALIGN (0x4)
                0x200001d8                _end_noinit = .
                0x200001d8                PROVIDE (end, _end_noinit)
                0x200001d8                PROVIDE (_end, _end_noinit)
                0x200001d8                PROVIDE (__end, _end_noinit)
                0x200001d8                PROVIDE (__end__, _end_noinit)

._check_stack   0x200001d8      0x100
                0x200002d8                . = (. + _Minimum_Stack_Size)
 *fill*         0x200001d8      0x100 

.b1text
 *(.b1text)
 *(.b1rodata)
 *(.b1rodata.*)

.eb0text
 *(.eb0text)
 *(.eb0rodata)
 *(.eb0rodata.*)

.eb1text
 *(.eb1text)
 *(.eb1rodata)
 *(.eb1rodata.*)

.eb2text
 *(.eb2text)
 *(.eb2rodata)
 *(.eb2rodata.*)

.eb3text
 *(.eb3text)
 *(.eb3rodata)
 *(.eb3rodata.*)

.stab
 *(.stab)

.stabstr
 *(.stabstr)

.stab.excl
 *(.stab.excl)

.stab.exclstr
 *(.stab.exclstr)

.stab.index
 *(.stab.index)

.stab.indexstr
 *(.stab.indexstr)

.comment        0x00000000       0x70
 *(.comment)
 .comment       0x00000000       0x70 ./system/src/stm32f4-hal/stm32f4xx_hal.o
                                 0x71 (size before relaxing)
 .comment       0x00000000       0x71 ./system/src/stm32f4-hal/stm32f4xx_hal_cortex.o
 .comment       0x00000000       0x71 ./system/src/stm32f4-hal/stm32f4xx_hal_rcc.o
 .comment       0x00000000       0x71 ./system/src/newlib/_exit.o
 .comment       0x00000000       0x71 ./system/src/newlib/_sbrk.o
 .comment       0x00000000       0x71 ./system/src/newlib/_startup.o
 .comment       0x00000000       0x71 ./system/src/newlib/_syscalls.o
 .comment       0x00000000       0x71 ./system/src/newlib/assert.o
 .comment       0x00000000       0x71 ./system/src/diag/Trace.o
 .comment       0x00000000       0x71 ./system/src/diag/trace_impl.o
 .comment       0x00000000       0x71 ./system/src/cortexm/_initialize_hardware.o
 .comment       0x00000000       0x71 ./system/src/cortexm/exception_handlers.o
 .comment       0x00000000       0x71 ./system/src/cmsis/system_stm32f4xx.o
 .comment       0x00000000       0x71 ./system/src/cmsis/vectors_stm32f405xx.o
 .comment       0x00000000       0x71 ./stm32f4_mylib/src/GPIO.o
 .comment       0x00000000       0x71 ./stm32f4_mylib/src/RCC.o
 .comment       0x00000000       0x71 ./stm32f4_mylib/src/SysTick.o
 .comment       0x00000000       0x71 ./stm32f4_mylib/src/USART.o
 .comment       0x00000000       0x71 ./stm32f4_mylib/src/fifo.o
 .comment       0x00000000       0x71 ./stm32f4_mylib/src/spi.o
 .comment       0x00000000       0x71 ./src/_initialize_hardware.o
 .comment       0x00000000       0x71 ./src/irq_handlers.o
 .comment       0x00000000       0x71 ./src/main.o
 .comment       0x00000000       0x71 ./src/stm32f4xx_hal_msp.o

.ARM.attributes
                0x00000000       0x39
 .ARM.attributes
                0x00000000       0x39 ./system/src/stm32f4-hal/stm32f4xx_hal.o
 .ARM.attributes
                0x00000039       0x39 ./system/src/stm32f4-hal/stm32f4xx_hal_cortex.o
 .ARM.attributes
                0x00000072       0x39 ./system/src/stm32f4-hal/stm32f4xx_hal_rcc.o
 .ARM.attributes
                0x000000ab       0x39 ./system/src/newlib/_exit.o
 .ARM.attributes
                0x000000e4       0x39 ./system/src/newlib/_sbrk.o
 .ARM.attributes
                0x0000011d       0x39 ./system/src/newlib/_startup.o
 .ARM.attributes
                0x00000156       0x39 ./system/src/newlib/_syscalls.o
 .ARM.attributes
                0x0000018f       0x39 ./system/src/newlib/assert.o
 .ARM.attributes
                0x000001c8       0x39 ./system/src/diag/Trace.o
 .ARM.attributes
                0x00000201       0x39 ./system/src/diag/trace_impl.o
 .ARM.attributes
                0x0000023a       0x39 ./system/src/cortexm/_initialize_hardware.o
 .ARM.attributes
                0x00000273       0x39 ./system/src/cortexm/exception_handlers.o
 .ARM.attributes
                0x000002ac       0x39 ./system/src/cmsis/system_stm32f4xx.o
 .ARM.attributes
                0x000002e5       0x39 ./system/src/cmsis/vectors_stm32f405xx.o
 .ARM.attributes
                0x0000031e       0x39 ./stm32f4_mylib/src/GPIO.o
 .ARM.attributes
                0x00000357       0x39 ./stm32f4_mylib/src/RCC.o
 .ARM.attributes
                0x00000390       0x39 ./stm32f4_mylib/src/SysTick.o
 .ARM.attributes
                0x000003c9       0x39 ./stm32f4_mylib/src/USART.o
 .ARM.attributes
                0x00000402       0x39 ./stm32f4_mylib/src/fifo.o
 .ARM.attributes
                0x0000043b       0x39 ./stm32f4_mylib/src/spi.o
 .ARM.attributes
                0x00000474       0x39 ./src/_initialize_hardware.o
 .ARM.attributes
                0x000004ad       0x39 ./src/irq_handlers.o
 .ARM.attributes
                0x000004e6       0x39 ./src/main.o
 .ARM.attributes
                0x0000051f       0x39 ./src/stm32f4xx_hal_msp.o
 .ARM.attributes
                0x00000558       0x22 d:/gnu_arm/bin/../lib/gcc/arm-none-eabi/4.9.3/armv7e-m/fpu\libgcc.a(_arm_addsubdf3.o)
 .ARM.attributes
                0x0000057a       0x22 d:/gnu_arm/bin/../lib/gcc/arm-none-eabi/4.9.3/armv7e-m/fpu\libgcc.a(_arm_fixunsdfsi.o)
 .ARM.attributes
                0x0000059c       0x34 d:/gnu_arm/bin/../lib/gcc/arm-none-eabi/4.9.3/../../../../arm-none-eabi/lib/armv7e-m/fpu\libg_nano.a(lib_a-errno.o)
 .ARM.attributes
                0x000005d0       0x34 d:/gnu_arm/bin/../lib/gcc/arm-none-eabi/4.9.3/../../../../arm-none-eabi/lib/armv7e-m/fpu\libg_nano.a(lib_a-impure.o)
 .ARM.attributes
                0x00000604       0x34 d:/gnu_arm/bin/../lib/gcc/arm-none-eabi/4.9.3/../../../../arm-none-eabi/lib/armv7e-m/fpu\libg_nano.a(lib_a-malloc.o)
 .ARM.attributes
                0x00000638       0x34 d:/gnu_arm/bin/../lib/gcc/arm-none-eabi/4.9.3/../../../../arm-none-eabi/lib/armv7e-m/fpu\libg_nano.a(lib_a-memcpy.o)
 .ARM.attributes
                0x0000066c       0x34 d:/gnu_arm/bin/../lib/gcc/arm-none-eabi/4.9.3/../../../../arm-none-eabi/lib/armv7e-m/fpu\libg_nano.a(lib_a-nano-freer.o)
 .ARM.attributes
                0x000006a0       0x34 d:/gnu_arm/bin/../lib/gcc/arm-none-eabi/4.9.3/../../../../arm-none-eabi/lib/armv7e-m/fpu\libg_nano.a(lib_a-nano-mallocr.o)
 .ARM.attributes
                0x000006d4       0x34 d:/gnu_arm/bin/../lib/gcc/arm-none-eabi/4.9.3/../../../../arm-none-eabi/lib/armv7e-m/fpu\libg_nano.a(lib_a-sbrkr.o)
 .ARM.attributes
                0x00000708       0x34 d:/gnu_arm/bin/../lib/gcc/arm-none-eabi/4.9.3/../../../../arm-none-eabi/lib/armv7e-m/fpu\libg_nano.a(lib_a-strlen.o)
 .ARM.attributes
                0x0000073c       0x34 d:/gnu_arm/bin/../lib/gcc/arm-none-eabi/4.9.3/../../../../arm-none-eabi/lib/armv7e-m/fpu\libg_nano.a(lib_a-vsnprintf.o)
 .ARM.attributes
                0x00000770       0x34 d:/gnu_arm/bin/../lib/gcc/arm-none-eabi/4.9.3/../../../../arm-none-eabi/lib/armv7e-m/fpu\libg_nano.a(lib_a-nano-svfprintf.o)
 .ARM.attributes
                0x000007a4       0x34 d:/gnu_arm/bin/../lib/gcc/arm-none-eabi/4.9.3/../../../../arm-none-eabi/lib/armv7e-m/fpu\libg_nano.a(lib_a-nano-vfprintf_i.o)
 .ARM.attributes
                0x000007d8       0x34 d:/gnu_arm/bin/../lib/gcc/arm-none-eabi/4.9.3/../../../../arm-none-eabi/lib/armv7e-m/fpu\libg_nano.a(lib_a-memchr.o)
 .ARM.attributes
                0x0000080c       0x34 d:/gnu_arm/bin/../lib/gcc/arm-none-eabi/4.9.3/../../../../arm-none-eabi/lib/armv7e-m/fpu\libg_nano.a(lib_a-memmove.o)
 .ARM.attributes
                0x00000840       0x34 d:/gnu_arm/bin/../lib/gcc/arm-none-eabi/4.9.3/../../../../arm-none-eabi/lib/armv7e-m/fpu\libg_nano.a(lib_a-nano-reallocr.o)
 .ARM.attributes
                0x00000874       0x34 d:/gnu_arm/bin/../lib/gcc/arm-none-eabi/4.9.3/../../../../arm-none-eabi/lib/armv7e-m/fpu\libg_nano.a(lib_a-nano-msizer.o)

.debug
 *(.debug)

.line
 *(.line)

.debug_srcinfo
 *(.debug_srcinfo)

.debug_sfnames
 *(.debug_sfnames)

.debug_aranges  0x00000000      0x6e0
 *(.debug_aranges)
 .debug_aranges
                0x00000000       0xc0 ./system/src/stm32f4-hal/stm32f4xx_hal.o
 .debug_aranges
                0x000000c0       0x98 ./system/src/stm32f4-hal/stm32f4xx_hal_cortex.o
 .debug_aranges
                0x00000158       0x88 ./system/src/stm32f4-hal/stm32f4xx_hal_rcc.o
 .debug_aranges
                0x000001e0       0x28 ./system/src/newlib/_exit.o
 .debug_aranges
                0x00000208       0x20 ./system/src/newlib/_sbrk.o
 .debug_aranges
                0x00000228       0x40 ./system/src/newlib/_startup.o
 .debug_aranges
                0x00000268       0x30 ./system/src/newlib/_syscalls.o
 .debug_aranges
                0x00000298       0x28 ./system/src/newlib/assert.o
 .debug_aranges
                0x000002c0       0x38 ./system/src/diag/Trace.o
 .debug_aranges
                0x000002f8       0x30 ./system/src/diag/trace_impl.o
 .debug_aranges
                0x00000328       0x28 ./system/src/cortexm/_initialize_hardware.o
 .debug_aranges
                0x00000350       0x88 ./system/src/cortexm/exception_handlers.o
 .debug_aranges
                0x000003d8       0x28 ./system/src/cmsis/system_stm32f4xx.o
 .debug_aranges
                0x00000400       0x20 ./system/src/cmsis/vectors_stm32f405xx.o
 .debug_aranges
                0x00000420       0x48 ./stm32f4_mylib/src/GPIO.o
 .debug_aranges
                0x00000468       0x28 ./stm32f4_mylib/src/RCC.o
 .debug_aranges
                0x00000490       0x28 ./stm32f4_mylib/src/SysTick.o
 .debug_aranges
                0x000004b8       0x90 ./stm32f4_mylib/src/USART.o
 .debug_aranges
                0x00000548       0x38 ./stm32f4_mylib/src/fifo.o
 .debug_aranges
                0x00000580       0xb8 ./stm32f4_mylib/src/spi.o
 .debug_aranges
                0x00000638       0x28 ./src/_initialize_hardware.o
 .debug_aranges
                0x00000660       0x20 ./src/irq_handlers.o
 .debug_aranges
                0x00000680       0x28 ./src/main.o
 .debug_aranges
                0x000006a8       0x38 ./src/stm32f4xx_hal_msp.o

.debug_pubnames
 *(.debug_pubnames)

.debug_info     0x00000000     0x7d78
 *(.debug_info .gnu.linkonce.wi.*)
 .debug_info    0x00000000      0x90e ./system/src/stm32f4-hal/stm32f4xx_hal.o
 .debug_info    0x0000090e     0x1104 ./system/src/stm32f4-hal/stm32f4xx_hal_cortex.o
 .debug_info    0x00001a12      0xf93 ./system/src/stm32f4-hal/stm32f4xx_hal_rcc.o
 .debug_info    0x000029a5      0x100 ./system/src/newlib/_exit.o
 .debug_info    0x00002aa5      0x125 ./system/src/newlib/_sbrk.o
 .debug_info    0x00002bca      0x50f ./system/src/newlib/_startup.o
 .debug_info    0x000030d9      0x1bc ./system/src/newlib/_syscalls.o
 .debug_info    0x00003295      0x1b0 ./system/src/newlib/assert.o
 .debug_info    0x00003445      0x32b ./system/src/diag/Trace.o
 .debug_info    0x00003770      0x3dd ./system/src/diag/trace_impl.o
 .debug_info    0x00003b4d      0x2ad ./system/src/cortexm/_initialize_hardware.o
 .debug_info    0x00003dfa      0x7bb ./system/src/cortexm/exception_handlers.o
 .debug_info    0x000045b5      0x4a5 ./system/src/cmsis/system_stm32f4xx.o
 .debug_info    0x00004a5a       0xd1 ./system/src/cmsis/vectors_stm32f405xx.o
 .debug_info    0x00004b2b      0x3f9 ./stm32f4_mylib/src/GPIO.o
 .debug_info    0x00004f24      0x342 ./stm32f4_mylib/src/RCC.o
 .debug_info    0x00005266      0x126 ./stm32f4_mylib/src/SysTick.o
 .debug_info    0x0000538c      0xa54 ./stm32f4_mylib/src/USART.o
 .debug_info    0x00005de0      0x1de ./stm32f4_mylib/src/fifo.o
 .debug_info    0x00005fbe      0xa9a ./stm32f4_mylib/src/spi.o
 .debug_info    0x00006a58      0x556 ./src/_initialize_hardware.o
 .debug_info    0x00006fae      0x285 ./src/irq_handlers.o
 .debug_info    0x00007233      0xa60 ./src/main.o
 .debug_info    0x00007c93       0xe5 ./src/stm32f4xx_hal_msp.o

.debug_abbrev   0x00000000     0x244f
 *(.debug_abbrev)
 .debug_abbrev  0x00000000      0x25d ./system/src/stm32f4-hal/stm32f4xx_hal.o
 .debug_abbrev  0x0000025d      0x2fc ./system/src/stm32f4-hal/stm32f4xx_hal_cortex.o
 .debug_abbrev  0x00000559      0x306 ./system/src/stm32f4-hal/stm32f4xx_hal_rcc.o
 .debug_abbrev  0x0000085f       0xa4 ./system/src/newlib/_exit.o
 .debug_abbrev  0x00000903       0xbb ./system/src/newlib/_sbrk.o
 .debug_abbrev  0x000009be      0x211 ./system/src/newlib/_startup.o
 .debug_abbrev  0x00000bcf       0xee ./system/src/newlib/_syscalls.o
 .debug_abbrev  0x00000cbd       0xc9 ./system/src/newlib/assert.o
 .debug_abbrev  0x00000d86      0x178 ./system/src/diag/Trace.o
 .debug_abbrev  0x00000efe      0x188 ./system/src/diag/trace_impl.o
 .debug_abbrev  0x00001086       0xea ./system/src/cortexm/_initialize_hardware.o
 .debug_abbrev  0x00001170      0x1d6 ./system/src/cortexm/exception_handlers.o
 .debug_abbrev  0x00001346      0x104 ./system/src/cmsis/system_stm32f4xx.o
 .debug_abbrev  0x0000144a       0x9d ./system/src/cmsis/vectors_stm32f405xx.o
 .debug_abbrev  0x000014e7      0x145 ./stm32f4_mylib/src/GPIO.o
 .debug_abbrev  0x0000162c       0xe4 ./stm32f4_mylib/src/RCC.o
 .debug_abbrev  0x00001710       0xc2 ./stm32f4_mylib/src/SysTick.o
 .debug_abbrev  0x000017d2      0x2e8 ./stm32f4_mylib/src/USART.o
 .debug_abbrev  0x00001aba       0xe4 ./stm32f4_mylib/src/fifo.o
 .debug_abbrev  0x00001b9e      0x31c ./stm32f4_mylib/src/spi.o
 .debug_abbrev  0x00001eba      0x1af ./src/_initialize_hardware.o
 .debug_abbrev  0x00002069      0x132 ./src/irq_handlers.o
 .debug_abbrev  0x0000219b      0x24a ./src/main.o
 .debug_abbrev  0x000023e5       0x6a ./src/stm32f4xx_hal_msp.o

.debug_line     0x00000000     0xb1a3
 *(.debug_line)
 .debug_line    0x00000000      0xa5c ./system/src/stm32f4-hal/stm32f4xx_hal.o
 .debug_line    0x00000a5c      0xb40 ./system/src/stm32f4-hal/stm32f4xx_hal_cortex.o
 .debug_line    0x0000159c      0xd08 ./system/src/stm32f4-hal/stm32f4xx_hal_rcc.o
 .debug_line    0x000022a4      0x216 ./system/src/newlib/_exit.o
 .debug_line    0x000024ba      0x1b9 ./system/src/newlib/_sbrk.o
 .debug_line    0x00002673      0x289 ./system/src/newlib/_startup.o
 .debug_line    0x000028fc      0x2c4 ./system/src/newlib/_syscalls.o
 .debug_line    0x00002bc0      0x24d ./system/src/newlib/assert.o
 .debug_line    0x00002e0d      0x271 ./system/src/diag/Trace.o
 .debug_line    0x0000307e      0x964 ./system/src/diag/trace_impl.o
 .debug_line    0x000039e2      0x903 ./system/src/cortexm/_initialize_hardware.o
 .debug_line    0x000042e5      0xa1d ./system/src/cortexm/exception_handlers.o
 .debug_line    0x00004d02      0x901 ./system/src/cmsis/system_stm32f4xx.o
 .debug_line    0x00005603       0xdc ./system/src/cmsis/vectors_stm32f405xx.o
 .debug_line    0x000056df      0x9e8 ./stm32f4_mylib/src/GPIO.o
 .debug_line    0x000060c7      0x947 ./stm32f4_mylib/src/RCC.o
 .debug_line    0x00006a0e      0x94b ./stm32f4_mylib/src/SysTick.o
 .debug_line    0x00007359      0xafb ./stm32f4_mylib/src/USART.o
 .debug_line    0x00007e54      0x258 ./stm32f4_mylib/src/fifo.o
 .debug_line    0x000080ac      0xb46 ./stm32f4_mylib/src/spi.o
 .debug_line    0x00008bf2      0x8f9 ./src/_initialize_hardware.o
 .debug_line    0x000094eb      0x9ca ./src/irq_handlers.o
 .debug_line    0x00009eb5      0x9f4 ./src/main.o
 .debug_line    0x0000a8a9      0x8fa ./src/stm32f4xx_hal_msp.o

.debug_frame    0x00000000     0x10cc
 *(.debug_frame)
 .debug_frame   0x00000000      0x188 ./system/src/stm32f4-hal/stm32f4xx_hal.o
 .debug_frame   0x00000188      0x17c ./system/src/stm32f4-hal/stm32f4xx_hal_cortex.o
 .debug_frame   0x00000304      0x144 ./system/src/stm32f4-hal/stm32f4xx_hal_rcc.o
 .debug_frame   0x00000448       0x38 ./system/src/newlib/_exit.o
 .debug_frame   0x00000480       0x28 ./system/src/newlib/_sbrk.o
 .debug_frame   0x000004a8       0x7c ./system/src/newlib/_startup.o
 .debug_frame   0x00000524       0x50 ./system/src/newlib/_syscalls.o
 .debug_frame   0x00000574       0x40 ./system/src/newlib/assert.o
 .debug_frame   0x000005b4       0x94 ./system/src/diag/Trace.o
 .debug_frame   0x00000648       0x54 ./system/src/diag/trace_impl.o
 .debug_frame   0x0000069c       0x40 ./system/src/cortexm/_initialize_hardware.o
 .debug_frame   0x000006dc      0x144 ./system/src/cortexm/exception_handlers.o
 .debug_frame   0x00000820       0x30 ./system/src/cmsis/system_stm32f4xx.o
 .debug_frame   0x00000850       0x20 ./system/src/cmsis/vectors_stm32f405xx.o
 .debug_frame   0x00000870       0xbc ./stm32f4_mylib/src/GPIO.o
 .debug_frame   0x0000092c       0x40 ./stm32f4_mylib/src/RCC.o
 .debug_frame   0x0000096c       0x30 ./stm32f4_mylib/src/SysTick.o
 .debug_frame   0x0000099c      0x12c ./stm32f4_mylib/src/USART.o
 .debug_frame   0x00000ac8       0x5c ./stm32f4_mylib/src/fifo.o
 .debug_frame   0x00000b24      0x1ac ./stm32f4_mylib/src/spi.o
 .debug_frame   0x00000cd0       0x48 ./src/_initialize_hardware.o
 .debug_frame   0x00000d18       0x28 ./src/irq_handlers.o
 .debug_frame   0x00000d40       0x40 ./src/main.o
 .debug_frame   0x00000d80       0x50 ./src/stm32f4xx_hal_msp.o
 .debug_frame   0x00000dd0       0x20 d:/gnu_arm/bin/../lib/gcc/arm-none-eabi/4.9.3/../../../../arm-none-eabi/lib/armv7e-m/fpu\libg_nano.a(lib_a-errno.o)
 .debug_frame   0x00000df0       0x30 d:/gnu_arm/bin/../lib/gcc/arm-none-eabi/4.9.3/../../../../arm-none-eabi/lib/armv7e-m/fpu\libg_nano.a(lib_a-malloc.o)
 .debug_frame   0x00000e20       0x28 d:/gnu_arm/bin/../lib/gcc/arm-none-eabi/4.9.3/../../../../arm-none-eabi/lib/armv7e-m/fpu\libg_nano.a(lib_a-memcpy.o)
 .debug_frame   0x00000e48       0x2c d:/gnu_arm/bin/../lib/gcc/arm-none-eabi/4.9.3/../../../../arm-none-eabi/lib/armv7e-m/fpu\libg_nano.a(lib_a-nano-freer.o)
 .debug_frame   0x00000e74       0x2c d:/gnu_arm/bin/../lib/gcc/arm-none-eabi/4.9.3/../../../../arm-none-eabi/lib/armv7e-m/fpu\libg_nano.a(lib_a-nano-mallocr.o)
 .debug_frame   0x00000ea0       0x2c d:/gnu_arm/bin/../lib/gcc/arm-none-eabi/4.9.3/../../../../arm-none-eabi/lib/armv7e-m/fpu\libg_nano.a(lib_a-sbrkr.o)
 .debug_frame   0x00000ecc       0x20 d:/gnu_arm/bin/../lib/gcc/arm-none-eabi/4.9.3/../../../../arm-none-eabi/lib/armv7e-m/fpu\libg_nano.a(lib_a-strlen.o)
 .debug_frame   0x00000eec       0x50 d:/gnu_arm/bin/../lib/gcc/arm-none-eabi/4.9.3/../../../../arm-none-eabi/lib/armv7e-m/fpu\libg_nano.a(lib_a-vsnprintf.o)
 .debug_frame   0x00000f3c       0x8c d:/gnu_arm/bin/../lib/gcc/arm-none-eabi/4.9.3/../../../../arm-none-eabi/lib/armv7e-m/fpu\libg_nano.a(lib_a-nano-svfprintf.o)
 .debug_frame   0x00000fc8       0x58 d:/gnu_arm/bin/../lib/gcc/arm-none-eabi/4.9.3/../../../../arm-none-eabi/lib/armv7e-m/fpu\libg_nano.a(lib_a-nano-vfprintf_i.o)
 .debug_frame   0x00001020       0x28 d:/gnu_arm/bin/../lib/gcc/arm-none-eabi/4.9.3/../../../../arm-none-eabi/lib/armv7e-m/fpu\libg_nano.a(lib_a-memchr.o)
 .debug_frame   0x00001048       0x28 d:/gnu_arm/bin/../lib/gcc/arm-none-eabi/4.9.3/../../../../arm-none-eabi/lib/armv7e-m/fpu\libg_nano.a(lib_a-memmove.o)
 .debug_frame   0x00001070       0x3c d:/gnu_arm/bin/../lib/gcc/arm-none-eabi/4.9.3/../../../../arm-none-eabi/lib/armv7e-m/fpu\libg_nano.a(lib_a-nano-reallocr.o)
 .debug_frame   0x000010ac       0x20 d:/gnu_arm/bin/../lib/gcc/arm-none-eabi/4.9.3/../../../../arm-none-eabi/lib/armv7e-m/fpu\libg_nano.a(lib_a-nano-msizer.o)

.debug_str      0x00000000    0x99873
 *(.debug_str)
 .debug_str     0x00000000    0x94361 ./system/src/stm32f4-hal/stm32f4xx_hal.o
                              0x9473f (size before relaxing)
 .debug_str     0x00094361      0x390 ./system/src/stm32f4-hal/stm32f4xx_hal_cortex.o
                              0x945a9 (size before relaxing)
 .debug_str     0x000946f1      0x401 ./system/src/stm32f4-hal/stm32f4xx_hal_rcc.o
                              0x94171 (size before relaxing)
 .debug_str     0x00094af2      0xeeb ./system/src/newlib/_exit.o
                               0x5e97 (size before relaxing)
 .debug_str     0x000959dd      0x4de ./system/src/newlib/_sbrk.o
                               0x4609 (size before relaxing)
 .debug_str     0x00095ebb      0x2cc ./system/src/newlib/_startup.o
                               0x4247 (size before relaxing)
 .debug_str     0x00096187     0x1181 ./system/src/newlib/_syscalls.o
                               0x6610 (size before relaxing)
 .debug_str     0x00097308       0xd5 ./system/src/newlib/assert.o
                               0x69a0 (size before relaxing)
 .debug_str     0x000973dd      0x184 ./system/src/diag/Trace.o
                               0x67b8 (size before relaxing)
 .debug_str     0x00097561       0xd7 ./system/src/diag/trace_impl.o
                              0x94a86 (size before relaxing)
 .debug_str     0x00097638       0x5e ./system/src/cortexm/_initialize_hardware.o
                              0x93c7e (size before relaxing)
 .debug_str     0x00097696      0x1e5 ./system/src/cortexm/exception_handlers.o
                              0x94bc3 (size before relaxing)
 .debug_str     0x0009787b       0x46 ./system/src/cmsis/system_stm32f4xx.o
                              0x93d67 (size before relaxing)
 .debug_str     0x000978c1       0x59 ./system/src/cmsis/vectors_stm32f405xx.o
                               0x309d (size before relaxing)
 .debug_str     0x0009791a      0x3f7 ./stm32f4_mylib/src/GPIO.o
                              0x93fad (size before relaxing)
 .debug_str     0x00097d11       0xac ./stm32f4_mylib/src/RCC.o
                              0x93d53 (size before relaxing)
 .debug_str     0x00097dbd      0x160 ./stm32f4_mylib/src/SysTick.o
                              0x93d4e (size before relaxing)
 .debug_str     0x00097f1d      0x5b2 ./stm32f4_mylib/src/USART.o
                              0x95652 (size before relaxing)
 .debug_str     0x000984cf       0x59 ./stm32f4_mylib/src/fifo.o
                               0x57e4 (size before relaxing)
 .debug_str     0x00098528     0x1296 ./stm32f4_mylib/src/spi.o
                              0x95339 (size before relaxing)
 .debug_str     0x000997be       0x31 ./src/_initialize_hardware.o
                              0x93e9d (size before relaxing)
 .debug_str     0x000997ef       0x2d ./src/irq_handlers.o
                              0x94f11 (size before relaxing)
 .debug_str     0x0009981c       0x1a ./src/main.o
                              0x95950 (size before relaxing)
 .debug_str     0x00099836       0x3d ./src/stm32f4xx_hal_msp.o
                              0x93bb2 (size before relaxing)

.debug_loc      0x00000000     0x238e
 *(.debug_loc)
 .debug_loc     0x00000000       0x90 ./system/src/stm32f4-hal/stm32f4xx_hal.o
 .debug_loc     0x00000090      0x61b ./system/src/stm32f4-hal/stm32f4xx_hal_cortex.o
 .debug_loc     0x000006ab      0x607 ./system/src/stm32f4-hal/stm32f4xx_hal_rcc.o
 .debug_loc     0x00000cb2       0x82 ./system/src/newlib/_sbrk.o
 .debug_loc     0x00000d34      0x36e ./system/src/newlib/_startup.o
 .debug_loc     0x000010a2       0x63 ./system/src/newlib/_syscalls.o
 .debug_loc     0x00001105       0xec ./system/src/newlib/assert.o
 .debug_loc     0x000011f1       0xf7 ./system/src/diag/Trace.o
 .debug_loc     0x000012e8       0x97 ./system/src/diag/trace_impl.o
 .debug_loc     0x0000137f      0x184 ./system/src/cortexm/exception_handlers.o
 .debug_loc     0x00001503      0x137 ./system/src/cmsis/system_stm32f4xx.o
 .debug_loc     0x0000163a      0x47f ./stm32f4_mylib/src/GPIO.o
 .debug_loc     0x00001ab9       0xb0 ./stm32f4_mylib/src/RCC.o
 .debug_loc     0x00001b69      0x335 ./stm32f4_mylib/src/USART.o
 .debug_loc     0x00001e9e       0x97 ./stm32f4_mylib/src/fifo.o
 .debug_loc     0x00001f35      0x417 ./stm32f4_mylib/src/spi.o
 .debug_loc     0x0000234c       0x42 ./src/main.o

.debug_macinfo
 *(.debug_macinfo)

.debug_weaknames
 *(.debug_weaknames)

.debug_funcnames
 *(.debug_funcnames)

.debug_typenames
 *(.debug_typenames)

.debug_varnames
 *(.debug_varnames)
OUTPUT(Headphone_Amp_IoT.elf elf32-littlearm)

.debug_ranges   0x00000000      0x590
 .debug_ranges  0x00000000       0xb0 ./system/src/stm32f4-hal/stm32f4xx_hal.o
 .debug_ranges  0x000000b0       0x88 ./system/src/stm32f4-hal/stm32f4xx_hal_cortex.o
 .debug_ranges  0x00000138       0x78 ./system/src/stm32f4-hal/stm32f4xx_hal_rcc.o
 .debug_ranges  0x000001b0       0x18 ./system/src/newlib/_exit.o
 .debug_ranges  0x000001c8       0x10 ./system/src/newlib/_sbrk.o
 .debug_ranges  0x000001d8       0x30 ./system/src/newlib/_startup.o
 .debug_ranges  0x00000208       0x20 ./system/src/newlib/_syscalls.o
 .debug_ranges  0x00000228       0x18 ./system/src/newlib/assert.o
 .debug_ranges  0x00000240       0x28 ./system/src/diag/Trace.o
 .debug_ranges  0x00000268       0x20 ./system/src/diag/trace_impl.o
 .debug_ranges  0x00000288       0x18 ./system/src/cortexm/_initialize_hardware.o
 .debug_ranges  0x000002a0       0x78 ./system/src/cortexm/exception_handlers.o
 .debug_ranges  0x00000318       0x18 ./system/src/cmsis/system_stm32f4xx.o
 .debug_ranges  0x00000330       0x10 ./system/src/cmsis/vectors_stm32f405xx.o
 .debug_ranges  0x00000340       0x68 ./stm32f4_mylib/src/GPIO.o
 .debug_ranges  0x000003a8       0x18 ./stm32f4_mylib/src/RCC.o
 .debug_ranges  0x000003c0       0x18 ./stm32f4_mylib/src/SysTick.o
 .debug_ranges  0x000003d8       0x80 ./stm32f4_mylib/src/USART.o
 .debug_ranges  0x00000458       0x28 ./stm32f4_mylib/src/fifo.o
 .debug_ranges  0x00000480       0xa8 ./stm32f4_mylib/src/spi.o
 .debug_ranges  0x00000528       0x18 ./src/_initialize_hardware.o
 .debug_ranges  0x00000540       0x10 ./src/irq_handlers.o
 .debug_ranges  0x00000550       0x18 ./src/main.o
 .debug_ranges  0x00000568       0x28 ./src/stm32f4xx_hal_msp.o

.debug_macro    0x00000000    0x1b26d
 .debug_macro   0x00000000      0x4b7 ./system/src/stm32f4-hal/stm32f4xx_hal.o
 .debug_macro   0x000004b7      0x89e ./system/src/stm32f4-hal/stm32f4xx_hal.o
 .debug_macro   0x00000d55      0x283 ./system/src/stm32f4-hal/stm32f4xx_hal.o
 .debug_macro   0x00000fd8       0x2e ./system/src/stm32f4-hal/stm32f4xx_hal.o
 .debug_macro   0x00001006       0x28 ./system/src/stm32f4-hal/stm32f4xx_hal.o
 .debug_macro   0x0000102e      0x34e ./system/src/stm32f4-hal/stm32f4xx_hal.o
 .debug_macro   0x0000137c       0x35 ./system/src/stm32f4-hal/stm32f4xx_hal.o
 .debug_macro   0x000013b1       0x50 ./system/src/stm32f4-hal/stm32f4xx_hal.o
 .debug_macro   0x00001401      0xe66 ./system/src/stm32f4-hal/stm32f4xx_hal.o
 .debug_macro   0x00002267     0x88fb ./system/src/stm32f4-hal/stm32f4xx_hal.o
 .debug_macro   0x0000ab62       0x43 ./system/src/stm32f4-hal/stm32f4xx_hal.o
 .debug_macro   0x0000aba5     0x33a6 ./system/src/stm32f4-hal/stm32f4xx_hal.o
 .debug_macro   0x0000df4b       0x58 ./system/src/stm32f4-hal/stm32f4xx_hal.o
 .debug_macro   0x0000dfa3       0x22 ./system/src/stm32f4-hal/stm32f4xx_hal.o
 .debug_macro   0x0000dfc5       0x35 ./system/src/stm32f4-hal/stm32f4xx_hal.o
 .debug_macro   0x0000dffa       0x9c ./system/src/stm32f4-hal/stm32f4xx_hal.o
 .debug_macro   0x0000e096       0x16 ./system/src/stm32f4-hal/stm32f4xx_hal.o
 .debug_macro   0x0000e0ac       0x4a ./system/src/stm32f4-hal/stm32f4xx_hal.o
 .debug_macro   0x0000e0f6       0x97 ./system/src/stm32f4-hal/stm32f4xx_hal.o
 .debug_macro   0x0000e18d      0x27a ./system/src/stm32f4-hal/stm32f4xx_hal.o
 .debug_macro   0x0000e407       0xf6 ./system/src/stm32f4-hal/stm32f4xx_hal.o
 .debug_macro   0x0000e4fd       0x10 ./system/src/stm32f4-hal/stm32f4xx_hal.o
 .debug_macro   0x0000e50d       0x52 ./system/src/stm32f4-hal/stm32f4xx_hal.o
 .debug_macro   0x0000e55f       0x16 ./system/src/stm32f4-hal/stm32f4xx_hal.o
 .debug_macro   0x0000e575       0x43 ./system/src/stm32f4-hal/stm32f4xx_hal.o
 .debug_macro   0x0000e5b8      0x180 ./system/src/stm32f4-hal/stm32f4xx_hal.o
 .debug_macro   0x0000e738       0x10 ./system/src/stm32f4-hal/stm32f4xx_hal.o
 .debug_macro   0x0000e748       0x22 ./system/src/stm32f4-hal/stm32f4xx_hal.o
 .debug_macro   0x0000e76a       0x22 ./system/src/stm32f4-hal/stm32f4xx_hal.o
 .debug_macro   0x0000e78c       0xbe ./system/src/stm32f4-hal/stm32f4xx_hal.o
 .debug_macro   0x0000e84a       0x16 ./system/src/stm32f4-hal/stm32f4xx_hal.o
 .debug_macro   0x0000e860      0x197 ./system/src/stm32f4-hal/stm32f4xx_hal.o
 .debug_macro   0x0000e9f7       0x57 ./system/src/stm32f4-hal/stm32f4xx_hal.o
 .debug_macro   0x0000ea4e      0x8a0 ./system/src/stm32f4-hal/stm32f4xx_hal.o
 .debug_macro   0x0000f2ee      0x9da ./system/src/stm32f4-hal/stm32f4xx_hal.o
 .debug_macro   0x0000fcc8      0x11e ./system/src/stm32f4-hal/stm32f4xx_hal.o
 .debug_macro   0x0000fde6      0x130 ./system/src/stm32f4-hal/stm32f4xx_hal.o
 .debug_macro   0x0000ff16       0x27 ./system/src/stm32f4-hal/stm32f4xx_hal.o
 .debug_macro   0x0000ff3d      0x272 ./system/src/stm32f4-hal/stm32f4xx_hal.o
 .debug_macro   0x000101af       0x5f ./system/src/stm32f4-hal/stm32f4xx_hal.o
 .debug_macro   0x0001020e      0x23a ./system/src/stm32f4-hal/stm32f4xx_hal.o
 .debug_macro   0x00010448      0x391 ./system/src/stm32f4-hal/stm32f4xx_hal.o
 .debug_macro   0x000107d9      0x16f ./system/src/stm32f4-hal/stm32f4xx_hal.o
 .debug_macro   0x00010948       0xf9 ./system/src/stm32f4-hal/stm32f4xx_hal.o
 .debug_macro   0x00010a41      0x36e ./system/src/stm32f4-hal/stm32f4xx_hal.o
 .debug_macro   0x00010daf       0x23 ./system/src/stm32f4-hal/stm32f4xx_hal.o
 .debug_macro   0x00010dd2       0xe6 ./system/src/stm32f4-hal/stm32f4xx_hal.o
 .debug_macro   0x00010eb8       0xa1 ./system/src/stm32f4-hal/stm32f4xx_hal.o
 .debug_macro   0x00010f59       0x3c ./system/src/stm32f4-hal/stm32f4xx_hal.o
 .debug_macro   0x00010f95      0x13a ./system/src/stm32f4-hal/stm32f4xx_hal.o
 .debug_macro   0x000110cf      0x21e ./system/src/stm32f4-hal/stm32f4xx_hal.o
 .debug_macro   0x000112ed       0x2e ./system/src/stm32f4-hal/stm32f4xx_hal.o
 .debug_macro   0x0001131b      0x512 ./system/src/stm32f4-hal/stm32f4xx_hal.o
 .debug_macro   0x0001182d       0x88 ./system/src/stm32f4-hal/stm32f4xx_hal.o
 .debug_macro   0x000118b5       0xd5 ./system/src/stm32f4-hal/stm32f4xx_hal.o
 .debug_macro   0x0001198a      0x183 ./system/src/stm32f4-hal/stm32f4xx_hal.o
 .debug_macro   0x00011b0d      0x1a7 ./system/src/stm32f4-hal/stm32f4xx_hal.o
 .debug_macro   0x00011cb4       0xa5 ./system/src/stm32f4-hal/stm32f4xx_hal.o
 .debug_macro   0x00011d59      0x18b ./system/src/stm32f4-hal/stm32f4xx_hal.o
 .debug_macro   0x00011ee4       0x24 ./system/src/stm32f4-hal/stm32f4xx_hal.o
 .debug_macro   0x00011f08       0x35 ./system/src/stm32f4-hal/stm32f4xx_hal.o
 .debug_macro   0x00011f3d       0x97 ./system/src/stm32f4-hal/stm32f4xx_hal.o
 .debug_macro   0x00011fd4      0x11e ./system/src/stm32f4-hal/stm32f4xx_hal.o
 .debug_macro   0x000120f2       0x7f ./system/src/stm32f4-hal/stm32f4xx_hal.o
 .debug_macro   0x00012171       0x89 ./system/src/stm32f4-hal/stm32f4xx_hal.o
 .debug_macro   0x000121fa       0x7e ./system/src/stm32f4-hal/stm32f4xx_hal.o
 .debug_macro   0x00012278      0x31a ./system/src/stm32f4-hal/stm32f4xx_hal.o
 .debug_macro   0x00012592      0x409 ./system/src/stm32f4-hal/stm32f4xx_hal.o
 .debug_macro   0x0001299b       0xe4 ./system/src/stm32f4-hal/stm32f4xx_hal.o
 .debug_macro   0x00012a7f      0x48d ./system/src/stm32f4-hal/stm32f4xx_hal.o
 .debug_macro   0x00012f0c      0x22b ./system/src/stm32f4-hal/stm32f4xx_hal.o
 .debug_macro   0x00013137      0x202 ./system/src/stm32f4-hal/stm32f4xx_hal.o
 .debug_macro   0x00013339      0x6d9 ./system/src/stm32f4-hal/stm32f4xx_hal.o
 .debug_macro   0x00013a12       0x5b ./system/src/stm32f4-hal/stm32f4xx_hal.o
 .debug_macro   0x00013a6d      0x14d ./system/src/stm32f4-hal/stm32f4xx_hal.o
 .debug_macro   0x00013bba      0x287 ./system/src/stm32f4-hal/stm32f4xx_hal.o
 .debug_macro   0x00013e41      0x225 ./system/src/stm32f4-hal/stm32f4xx_hal.o
 .debug_macro   0x00014066      0x1b5 ./system/src/stm32f4-hal/stm32f4xx_hal.o
 .debug_macro   0x0001421b      0x2db ./system/src/stm32f4-hal/stm32f4xx_hal.o
 .debug_macro   0x000144f6       0x94 ./system/src/stm32f4-hal/stm32f4xx_hal.o
 .debug_macro   0x0001458a      0x1df ./system/src/stm32f4-hal/stm32f4xx_hal.o
 .debug_macro   0x00014769      0x115 ./system/src/stm32f4-hal/stm32f4xx_hal.o
 .debug_macro   0x0001487e       0x6e ./system/src/stm32f4-hal/stm32f4xx_hal.o
 .debug_macro   0x000148ec      0x125 ./system/src/stm32f4-hal/stm32f4xx_hal.o
 .debug_macro   0x00014a11      0x469 ./system/src/stm32f4-hal/stm32f4xx_hal_cortex.o
 .debug_macro   0x00014e7a      0x493 ./system/src/stm32f4-hal/stm32f4xx_hal_rcc.o
 .debug_macro   0x0001530d      0x131 ./system/src/newlib/_exit.o
 .debug_macro   0x0001543e      0x10e ./system/src/newlib/_exit.o
 .debug_macro   0x0001554c       0x86 ./system/src/newlib/_exit.o
 .debug_macro   0x000155d2       0x35 ./system/src/newlib/_exit.o
 .debug_macro   0x00015607       0xda ./system/src/newlib/_sbrk.o
 .debug_macro   0x000156e1       0x19 ./system/src/newlib/_sbrk.o
 .debug_macro   0x000156fa      0x16d ./system/src/newlib/_sbrk.o
 .debug_macro   0x00015867       0x10 ./system/src/newlib/_sbrk.o
 .debug_macro   0x00015877      0x23b ./system/src/newlib/_sbrk.o
 .debug_macro   0x00015ab2       0xe4 ./system/src/newlib/_startup.o
 .debug_macro   0x00015b96      0x8a4 ./system/src/newlib/_startup.o
 .debug_macro   0x0001643a      0x1ad ./system/src/newlib/_syscalls.o
 .debug_macro   0x000165e7       0x1c ./system/src/newlib/_syscalls.o
 .debug_macro   0x00016603       0x10 ./system/src/newlib/_syscalls.o
 .debug_macro   0x00016613       0x10 ./system/src/newlib/_syscalls.o
 .debug_macro   0x00016623       0x10 ./system/src/newlib/_syscalls.o
 .debug_macro   0x00016633       0x10 ./system/src/newlib/_syscalls.o
 .debug_macro   0x00016643       0x35 ./system/src/newlib/_syscalls.o
 .debug_macro   0x00016678      0x122 ./system/src/newlib/_syscalls.o
 .debug_macro   0x0001679a       0x2e ./system/src/newlib/_syscalls.o
 .debug_macro   0x000167c8       0x82 ./system/src/newlib/_syscalls.o
 .debug_macro   0x0001684a       0x2b ./system/src/newlib/_syscalls.o
 .debug_macro   0x00016875      0x118 ./system/src/newlib/_syscalls.o
 .debug_macro   0x0001698d      0x13e ./system/src/newlib/_syscalls.o
 .debug_macro   0x00016acb       0x16 ./system/src/newlib/_syscalls.o
 .debug_macro   0x00016ae1      0x14d ./system/src/newlib/assert.o
 .debug_macro   0x00016c2e       0x1c ./system/src/newlib/assert.o
 .debug_macro   0x00016c4a      0x15e ./system/src/diag/Trace.o
 .debug_macro   0x00016da8       0x52 ./system/src/diag/Trace.o
 .debug_macro   0x00016dfa       0x16 ./system/src/diag/Trace.o
 .debug_macro   0x00016e10      0x4a4 ./system/src/diag/trace_impl.o
 .debug_macro   0x000172b4      0x473 ./system/src/cortexm/_initialize_hardware.o
 .debug_macro   0x00017727      0x4c8 ./system/src/cortexm/exception_handlers.o
 .debug_macro   0x00017bef       0x3b ./system/src/cortexm/exception_handlers.o
 .debug_macro   0x00017c2a       0x22 ./system/src/cortexm/exception_handlers.o
 .debug_macro   0x00017c4c      0x46f ./system/src/cmsis/system_stm32f4xx.o
 .debug_macro   0x000180bb       0x34 ./system/src/cmsis/vectors_stm32f405xx.o
 .debug_macro   0x000180ef      0x472 ./stm32f4_mylib/src/GPIO.o
 .debug_macro   0x00018561       0xca ./stm32f4_mylib/src/GPIO.o
 .debug_macro   0x0001862b      0x47c ./stm32f4_mylib/src/RCC.o
 .debug_macro   0x00018aa7      0x494 ./stm32f4_mylib/src/SysTick.o
 .debug_macro   0x00018f3b       0x16 ./stm32f4_mylib/src/SysTick.o
 .debug_macro   0x00018f51      0x52a ./stm32f4_mylib/src/USART.o
 .debug_macro   0x0001947b       0x10 ./stm32f4_mylib/src/USART.o
 .debug_macro   0x0001948b       0x5e ./stm32f4_mylib/src/USART.o
 .debug_macro   0x000194e9      0x115 ./stm32f4_mylib/src/fifo.o
 .debug_macro   0x000195fe       0x16 ./stm32f4_mylib/src/fifo.o
 .debug_macro   0x00019614      0x4d7 ./stm32f4_mylib/src/spi.o
 .debug_macro   0x00019aeb       0x58 ./stm32f4_mylib/src/spi.o
 .debug_macro   0x00019b43      0x3fa ./stm32f4_mylib/src/spi.o
 .debug_macro   0x00019f3d      0x469 ./src/_initialize_hardware.o
 .debug_macro   0x0001a3a6      0x522 ./src/irq_handlers.o
 .debug_macro   0x0001a8c8      0x53c ./src/main.o
 .debug_macro   0x0001ae04      0x469 ./src/stm32f4xx_hal_msp.o
